     1                                  ; Nate Jackson
     2                                  ; CSC322 P1
     3                                  ; 09/19/2022
     4                                  ; Etc...
     5                                  
     6                                  SECTION .data
     7                                  ; define data/variables here.  Think DB, DW, DD, DQ
     8 00000000 02000400060008000A-     a1: DW 2,4,6,8,10
     9 00000009 00                 
    10 0000000A 0102030405              b1: DB 1,2,3,4,5
    11 0000000F 0A000000140000001E-     c1: DD 10,20,30,40
    12 00000018 00000028000000     
    13 0000001F 100000000000000011-     d1: DQ 10h,11h,12h,13h
    14 00000028 000000000000001200-
    15 00000031 000000000000130000-
    16 0000003A 0000000000         
    17 0000003F CEFF                    a2: DW -50
    18 00000041 D3                      b2: DB -45
    19 00000042 E2FF                    c2: DW -30
    20 00000044 E7                      d2: DB -25
    21 00000045 ECFF                    e2: DW -20
    22 00000047 4265617273              a3: DB 'Bears'
    23 0000004C 64000000                b3: DD 100
    24 00000050 0000                    c3: DW 0
    25 00000052 476F20                  d3: DB 'Go ' ;space after o
    26 00000055 4D657263657221          e3: DB 'Mercer!'
    27 0000005C 64                      a4: DB 100
    28 0000005D 0001                    b4: DW 100h
    29 0000005F 04000000                c4: DD 100b
    30 00000063 4000                    d4: DW 100q
    31 00000065 64                      e4: DB 100d
    32                                  
    33                                  SECTION .bss
    34                                  ; define uninitialized data here
    35                                  
    36                                  SECTION .text
    37                                  global _main
    38                                  _main:
    39                                  
    40                                  ; put your code here.
    41                                  
    42                                  
    43                                  
    44                                  ; Normal termination code
    45 00000000 B801000000              mov eax, 1
    46 00000005 BB00000000              mov ebx, 0
    47 0000000A CD80                    int 80h
