     1                                  ; Nate Jackson
     2                                  ; CSC322
     3                                  ; P5
     4                                  ; 10/19/22
     5                                  ;
     6                                  
     7                                  SECTION .data
     8                                  
     9                                  SECTION .bss
    10 00000000 <res 00000004>          MaxFib: RESD 1
    11 00000004 <res 00000002>          FibCount: RESW 1
    12                                  
    13                                  SECTION .text
    14                                  global _main
    15                                  _main:
    16 00000000 C705[04000000]0200-     	mov DWORD [FibCount],2
    17 00000008 0000               
    18 0000000A C705[00000000]0000-     	mov DWORD [MaxFib], 0
    19 00000012 0000               
    20 00000014 B800000000              	mov eax, 0
    21 00000019 BB01000000              	mov ebx, 1
    22                                  topFib:
    23 0000001E 891D[00000000]          	mov [MaxFib], ebx	
    24 00000024 66FF05[04000000]        	inc WORD [FibCount]
    25 0000002B 89D9                    	mov ecx, ebx	
    26 0000002D 01C3                    	add ebx, eax
    27                                  	b:
    28 0000002F 89C8                    	mov eax, ecx
    29 00000031 73EB                    	jnc topFib
    30                                  
    31                                  	
    32                                  
    33                                  lastBreak:
    34                                  
    35 00000033 B801000000              mov eax, 1
    36 00000038 BB00000000              mov ebx, 0
    37 0000003D CD80                    int 80h
